// Jest Snapshot v1, https://goo.gl/fbAQLP

exports[`App should render 1`] = `
<App>
  <h1>
    Keep Up
  </h1>
</App>
`;
